0 TokenType.TEXT
1 TokenType.EMPTY
2 TokenType.SECTION
3 TokenType.TEXT
4 TokenType.TEXT
5 TokenType.TEXT
6 TokenType.TEXT
7 TokenType.TEXT
8 TokenType.EMPTY
9 TokenType.TEXT
10 TokenType.TEXT
11 TokenType.EMPTY
12 TokenType.SECTION
13 TokenType.TEXT
14 TokenType.EMPTY
15 TokenType.SECTION
16 TokenType.TEXT
17 TokenType.TEXT
18 TokenType.TEXT
19 TokenType.EMPTY
20 TokenType.TEXT
21 TokenType.TEXT
22 TokenType.TEXT
23 TokenType.EMPTY
24 TokenType.SECTION
25 TokenType.TEXT
26 TokenType.TEXT
27 TokenType.TEXT
28 TokenType.EMPTY
29 TokenType.TEXT
30 TokenType.TEXT
31 TokenType.TEXT
32 TokenType.TEXT
33 TokenType.TEXT
34 TokenType.TEXT
